<testsuites id="" name="" tests="3" failures="2" skipped="0" errors="0" time="54.164792">
<testsuite name="TestAddRecipientPage.spec.js" timestamp="2025-02-26T11:06:44.476Z" hostname="chromium" tests="1" failures="0" skipped="0" time="19.376" errors="0">
<testcase name="test add recipient" classname="TestAddRecipientPage.spec.js" time="19.376">
<system-out>
<![CDATA[Element not found outside iframe. Checking inside iframes...
Element not found outside iframe. Checking inside iframes...
Element not found outside iframe. Checking inside iframes...
Element not found outside iframe. Checking inside iframes...
Element not found outside iframe. Checking inside iframes...
Element not found outside iframe. Checking inside iframes...
Element not found outside iframe. Checking inside iframes...
Element not found outside iframe. Checking inside iframes...
Element not found outside iframe. Checking inside iframes...
Element not found outside iframe. Checking inside iframes...
Element not found outside iframe. Checking inside iframes...
Element not found outside iframe. Checking inside iframes...
Element not found outside iframe. Checking inside iframes...
Element not found outside iframe. Checking inside iframes...
Element not found outside iframe. Checking inside iframes...
Element not found outside iframe. Checking inside iframes...
Element not found outside iframe. Checking inside iframes...
Element not found outside iframe. Checking inside iframes...
Element not found outside iframe. Checking inside iframes...
Element not found outside iframe. Checking inside iframes...
Element not found outside iframe. Checking inside iframes...
Element not found outside iframe. Checking inside iframes...
Element not found outside iframe. Checking inside iframes...
Element not found outside iframe. Checking inside iframes...
Element not found outside iframe. Checking inside iframes...
Element not found outside iframe. Checking inside iframes...
Element not found outside iframe. Checking inside iframes...
Element not found outside iframe. Checking inside iframes...
Element not found outside iframe. Checking inside iframes...
Element not found outside iframe. Checking inside iframes...
Element not found outside iframe. Checking inside iframes...
Element not found outside iframe. Checking inside iframes...
Element not found outside iframe. Checking inside iframes...
Element not found outside iframe. Checking inside iframes...
Element not found outside iframe. Checking inside iframes...
Element not found outside iframe. Checking inside iframes...
Element not found outside iframe. Checking inside iframes...
Element not found outside iframe. Checking inside iframes...
Element not found outside iframe. Checking inside iframes...
Element not found outside iframe. Checking inside iframes...
Element not found outside iframe. Checking inside iframes...
Element not found outside iframe. Checking inside iframes...
Element not found outside iframe. Checking inside iframes...
Element not found outside iframe. Checking inside iframes...
Element not found outside iframe. Checking inside iframes...
Element not found outside iframe. Checking inside iframes...
Element not found outside iframe. Checking inside iframes...
Element found outside iframe
]]>
</system-out>
</testcase>
</testsuite>
<testsuite name="TestAddRecipientPage.spec.js" timestamp="2025-02-26T11:06:44.476Z" hostname="firefox" tests="1" failures="1" skipped="0" time="30.051" errors="0">
<testcase name="test add recipient" classname="TestAddRecipientPage.spec.js" time="30.051">
<failure message="TestAddRecipientPage.spec.js:8:5 test add recipient" type="FAILURE">
<![CDATA[  [firefox] › TestAddRecipientPage.spec.js:8:5 › test add recipient ────────────────────────────────

    Test timeout of 30000ms exceeded.

    Error: locator.isVisible: Test timeout of 30000ms exceeded.
    Call log:
        - checking visibility of locator('//button[text()=\'Confirm\']')


       at ..\pages\AddRecipientPage.js:45

      43 |         
      44 |         const element = await this.page.locator(this.confirm);
    > 45 | if (await element.isVisible()) {
         |                   ^
      46 |     console.log('Element found outside iframe');
      47 |     await element.click();
      48 | } else {
        at AddRecipientPage.clickConfirm (C:\AutomationPlaywright\pages\AddRecipientPage.js:45:19)
        at AddRecipientPage.clickConfirm (C:\AutomationPlaywright\pages\AddRecipientPage.js:50:5)
        at AddRecipientPage.clickConfirm (C:\AutomationPlaywright\pages\AddRecipientPage.js:50:5)
        at AddRecipientPage.clickConfirm (C:\AutomationPlaywright\pages\AddRecipientPage.js:50:5)
        at AddRecipientPage.clickConfirm (C:\AutomationPlaywright\pages\AddRecipientPage.js:50:5)
        at AddRecipientPage.clickConfirm (C:\AutomationPlaywright\pages\AddRecipientPage.js:50:5)
        at AddRecipientPage.clickConfirm (C:\AutomationPlaywright\pages\AddRecipientPage.js:50:5)
        at AddRecipientPage.clickConfirm (C:\AutomationPlaywright\pages\AddRecipientPage.js:50:5)
        at AddRecipientPage.clickConfirm (C:\AutomationPlaywright\pages\AddRecipientPage.js:50:5)
        at AddRecipientPage.clickConfirm (C:\AutomationPlaywright\pages\AddRecipientPage.js:50:5)
        at AddRecipientPage.clickConfirm (C:\AutomationPlaywright\pages\AddRecipientPage.js:50:5)
        at AddRecipientPage.clickConfirm (C:\AutomationPlaywright\pages\AddRecipientPage.js:50:5)
        at AddRecipientPage.clickConfirm (C:\AutomationPlaywright\pages\AddRecipientPage.js:50:5)
        at AddRecipientPage.clickConfirm (C:\AutomationPlaywright\pages\AddRecipientPage.js:50:5)
        at AddRecipientPage.clickConfirm (C:\AutomationPlaywright\pages\AddRecipientPage.js:50:5)
        at AddRecipientPage.clickConfirm (C:\AutomationPlaywright\pages\AddRecipientPage.js:50:5)
        at AddRecipientPage.clickConfirm (C:\AutomationPlaywright\pages\AddRecipientPage.js:50:5)
        at AddRecipientPage.clickConfirm (C:\AutomationPlaywright\pages\AddRecipientPage.js:50:5)
        at AddRecipientPage.clickConfirm (C:\AutomationPlaywright\pages\AddRecipientPage.js:50:5)
        at AddRecipientPage.clickConfirm (C:\AutomationPlaywright\pages\AddRecipientPage.js:50:5)
        at AddRecipientPage.clickConfirm (C:\AutomationPlaywright\pages\AddRecipientPage.js:50:5)
        at AddRecipientPage.clickConfirm (C:\AutomationPlaywright\pages\AddRecipientPage.js:50:5)
        at AddRecipientPage.clickConfirm (C:\AutomationPlaywright\pages\AddRecipientPage.js:50:5)
        at AddRecipientPage.clickConfirm (C:\AutomationPlaywright\pages\AddRecipientPage.js:50:5)
        at AddRecipientPage.clickConfirm (C:\AutomationPlaywright\pages\AddRecipientPage.js:50:5)
        at AddRecipientPage.clickConfirm (C:\AutomationPlaywright\pages\AddRecipientPage.js:50:5)
        at AddRecipientPage.clickConfirm (C:\AutomationPlaywright\pages\AddRecipientPage.js:50:5)
        at AddRecipientPage.clickConfirm (C:\AutomationPlaywright\pages\AddRecipientPage.js:50:5)
        at AddRecipientPage.clickConfirm (C:\AutomationPlaywright\pages\AddRecipientPage.js:50:5)
        at AddRecipientPage.clickConfirm (C:\AutomationPlaywright\pages\AddRecipientPage.js:50:5)
        at AddRecipientPage.clickConfirm (C:\AutomationPlaywright\pages\AddRecipientPage.js:50:5)
        at AddRecipientPage.clickConfirm (C:\AutomationPlaywright\pages\AddRecipientPage.js:50:5)
        at AddRecipientPage.clickConfirm (C:\AutomationPlaywright\pages\AddRecipientPage.js:50:5)
        at AddRecipientPage.clickConfirm (C:\AutomationPlaywright\pages\AddRecipientPage.js:50:5)
        at AddRecipientPage.clickConfirm (C:\AutomationPlaywright\pages\AddRecipientPage.js:50:5)
        at AddRecipientPage.clickConfirm (C:\AutomationPlaywright\pages\AddRecipientPage.js:50:5)
        at AddRecipientPage.clickConfirm (C:\AutomationPlaywright\pages\AddRecipientPage.js:50:5)
        at AddRecipientPage.clickConfirm (C:\AutomationPlaywright\pages\AddRecipientPage.js:50:5)
        at AddRecipientPage.clickConfirm (C:\AutomationPlaywright\pages\AddRecipientPage.js:50:5)
        at AddRecipientPage.clickConfirm (C:\AutomationPlaywright\pages\AddRecipientPage.js:50:5)
        at AddRecipientPage.clickConfirm (C:\AutomationPlaywright\pages\AddRecipientPage.js:50:5)
        at AddRecipientPage.clickConfirm (C:\AutomationPlaywright\pages\AddRecipientPage.js:50:5)
        at AddRecipientPage.clickConfirm (C:\AutomationPlaywright\pages\AddRecipientPage.js:50:5)
        at AddRecipientPage.clickConfirm (C:\AutomationPlaywright\pages\AddRecipientPage.js:50:5)
]]>
</failure>
<system-out>
<![CDATA[Element not found outside iframe. Checking inside iframes...
Element not found outside iframe. Checking inside iframes...
Element not found outside iframe. Checking inside iframes...
Element not found outside iframe. Checking inside iframes...
Element not found outside iframe. Checking inside iframes...
Element not found outside iframe. Checking inside iframes...
Element not found outside iframe. Checking inside iframes...
Element not found outside iframe. Checking inside iframes...
Element not found outside iframe. Checking inside iframes...
Element not found outside iframe. Checking inside iframes...
Element not found outside iframe. Checking inside iframes...
Element not found outside iframe. Checking inside iframes...
Element not found outside iframe. Checking inside iframes...
Element not found outside iframe. Checking inside iframes...
Element not found outside iframe. Checking inside iframes...
Element not found outside iframe. Checking inside iframes...
Element not found outside iframe. Checking inside iframes...
Element not found outside iframe. Checking inside iframes...
Element not found outside iframe. Checking inside iframes...
Element not found outside iframe. Checking inside iframes...
Element not found outside iframe. Checking inside iframes...
Element not found outside iframe. Checking inside iframes...
Element not found outside iframe. Checking inside iframes...
Element not found outside iframe. Checking inside iframes...
Element not found outside iframe. Checking inside iframes...
Element not found outside iframe. Checking inside iframes...
Element not found outside iframe. Checking inside iframes...
Element not found outside iframe. Checking inside iframes...
Element not found outside iframe. Checking inside iframes...
Element not found outside iframe. Checking inside iframes...
Element not found outside iframe. Checking inside iframes...
Element not found outside iframe. Checking inside iframes...
Element not found outside iframe. Checking inside iframes...
Element not found outside iframe. Checking inside iframes...
Element not found outside iframe. Checking inside iframes...
Element not found outside iframe. Checking inside iframes...
Element not found outside iframe. Checking inside iframes...
Element not found outside iframe. Checking inside iframes...
Element not found outside iframe. Checking inside iframes...
Element not found outside iframe. Checking inside iframes...
Element not found outside iframe. Checking inside iframes...
Element not found outside iframe. Checking inside iframes...
Element not found outside iframe. Checking inside iframes...
Element not found outside iframe. Checking inside iframes...
Element not found outside iframe. Checking inside iframes...
Element not found outside iframe. Checking inside iframes...
Element not found outside iframe. Checking inside iframes...
Element not found outside iframe. Checking inside iframes...
Element not found outside iframe. Checking inside iframes...
Element not found outside iframe. Checking inside iframes...
Element not found outside iframe. Checking inside iframes...
Element not found outside iframe. Checking inside iframes...
Element not found outside iframe. Checking inside iframes...
Element not found outside iframe. Checking inside iframes...
Element not found outside iframe. Checking inside iframes...
Element not found outside iframe. Checking inside iframes...
Element not found outside iframe. Checking inside iframes...
Element not found outside iframe. Checking inside iframes...
Element not found outside iframe. Checking inside iframes...
Element not found outside iframe. Checking inside iframes...
Element not found outside iframe. Checking inside iframes...
Element not found outside iframe. Checking inside iframes...
Element not found outside iframe. Checking inside iframes...
Element not found outside iframe. Checking inside iframes...
Element not found outside iframe. Checking inside iframes...
Element not found outside iframe. Checking inside iframes...
Element not found outside iframe. Checking inside iframes...
Element not found outside iframe. Checking inside iframes...
Element not found outside iframe. Checking inside iframes...
Element not found outside iframe. Checking inside iframes...
Element not found outside iframe. Checking inside iframes...
Element not found outside iframe. Checking inside iframes...
Element not found outside iframe. Checking inside iframes...
Element not found outside iframe. Checking inside iframes...
Element not found outside iframe. Checking inside iframes...
Element not found outside iframe. Checking inside iframes...
Element not found outside iframe. Checking inside iframes...
Element not found outside iframe. Checking inside iframes...
Element not found outside iframe. Checking inside iframes...
Element not found outside iframe. Checking inside iframes...
Element not found outside iframe. Checking inside iframes...
Element not found outside iframe. Checking inside iframes...
Element not found outside iframe. Checking inside iframes...
Element not found outside iframe. Checking inside iframes...
Element not found outside iframe. Checking inside iframes...
Element not found outside iframe. Checking inside iframes...
Element not found outside iframe. Checking inside iframes...
Element not found outside iframe. Checking inside iframes...
Element not found outside iframe. Checking inside iframes...
Element not found outside iframe. Checking inside iframes...
Element not found outside iframe. Checking inside iframes...
Element not found outside iframe. Checking inside iframes...
Element not found outside iframe. Checking inside iframes...
Element not found outside iframe. Checking inside iframes...
Element not found outside iframe. Checking inside iframes...
Element not found outside iframe. Checking inside iframes...
Element not found outside iframe. Checking inside iframes...
Element not found outside iframe. Checking inside iframes...
Element not found outside iframe. Checking inside iframes...
Element not found outside iframe. Checking inside iframes...
Element not found outside iframe. Checking inside iframes...
Element not found outside iframe. Checking inside iframes...
Element not found outside iframe. Checking inside iframes...
Element not found outside iframe. Checking inside iframes...
Element not found outside iframe. Checking inside iframes...
Element not found outside iframe. Checking inside iframes...
Element not found outside iframe. Checking inside iframes...
Element not found outside iframe. Checking inside iframes...
Element not found outside iframe. Checking inside iframes...
Element not found outside iframe. Checking inside iframes...
Element not found outside iframe. Checking inside iframes...
Element not found outside iframe. Checking inside iframes...
Element not found outside iframe. Checking inside iframes...
Element not found outside iframe. Checking inside iframes...
Element not found outside iframe. Checking inside iframes...
Element not found outside iframe. Checking inside iframes...
Element not found outside iframe. Checking inside iframes...
Element not found outside iframe. Checking inside iframes...
Element not found outside iframe. Checking inside iframes...
Element not found outside iframe. Checking inside iframes...
Element not found outside iframe. Checking inside iframes...
Element not found outside iframe. Checking inside iframes...
Element not found outside iframe. Checking inside iframes...
Element not found outside iframe. Checking inside iframes...
Element not found outside iframe. Checking inside iframes...
Element not found outside iframe. Checking inside iframes...
Element not found outside iframe. Checking inside iframes...
Element not found outside iframe. Checking inside iframes...
Element not found outside iframe. Checking inside iframes...
Element not found outside iframe. Checking inside iframes...
Element not found outside iframe. Checking inside iframes...
Element not found outside iframe. Checking inside iframes...
Element not found outside iframe. Checking inside iframes...
Element not found outside iframe. Checking inside iframes...
Element not found outside iframe. Checking inside iframes...
Element not found outside iframe. Checking inside iframes...
Element not found outside iframe. Checking inside iframes...
Element not found outside iframe. Checking inside iframes...
Element not found outside iframe. Checking inside iframes...
Element not found outside iframe. Checking inside iframes...
Element not found outside iframe. Checking inside iframes...
Element not found outside iframe. Checking inside iframes...
Element not found outside iframe. Checking inside iframes...
Element not found outside iframe. Checking inside iframes...
Element not found outside iframe. Checking inside iframes...
Element not found outside iframe. Checking inside iframes...
Element not found outside iframe. Checking inside iframes...
Element not found outside iframe. Checking inside iframes...
Element not found outside iframe. Checking inside iframes...
Element not found outside iframe. Checking inside iframes...
Element not found outside iframe. Checking inside iframes...
Element not found outside iframe. Checking inside iframes...
Element not found outside iframe. Checking inside iframes...
Element not found outside iframe. Checking inside iframes...
Element not found outside iframe. Checking inside iframes...
Element not found outside iframe. Checking inside iframes...
Element not found outside iframe. Checking inside iframes...
Element not found outside iframe. Checking inside iframes...
Element not found outside iframe. Checking inside iframes...
Element not found outside iframe. Checking inside iframes...
Element not found outside iframe. Checking inside iframes...
Element not found outside iframe. Checking inside iframes...
Element not found outside iframe. Checking inside iframes...
Element not found outside iframe. Checking inside iframes...
Element not found outside iframe. Checking inside iframes...
Element not found outside iframe. Checking inside iframes...
Element not found outside iframe. Checking inside iframes...
Element not found outside iframe. Checking inside iframes...
Element not found outside iframe. Checking inside iframes...
Element not found outside iframe. Checking inside iframes...
Element not found outside iframe. Checking inside iframes...
Element not found outside iframe. Checking inside iframes...
Element not found outside iframe. Checking inside iframes...
Element not found outside iframe. Checking inside iframes...
Element not found outside iframe. Checking inside iframes...
Element not found outside iframe. Checking inside iframes...
Element not found outside iframe. Checking inside iframes...
Element not found outside iframe. Checking inside iframes...
Element not found outside iframe. Checking inside iframes...
Element not found outside iframe. Checking inside iframes...
Element not found outside iframe. Checking inside iframes...
Element not found outside iframe. Checking inside iframes...
Element not found outside iframe. Checking inside iframes...
Element not found outside iframe. Checking inside iframes...
Element not found outside iframe. Checking inside iframes...
Element not found outside iframe. Checking inside iframes...
Element not found outside iframe. Checking inside iframes...
Element not found outside iframe. Checking inside iframes...
Element not found outside iframe. Checking inside iframes...
Element not found outside iframe. Checking inside iframes...
Element not found outside iframe. Checking inside iframes...
Element not found outside iframe. Checking inside iframes...
Element not found outside iframe. Checking inside iframes...
Element not found outside iframe. Checking inside iframes...
Element not found outside iframe. Checking inside iframes...
Element not found outside iframe. Checking inside iframes...
Element not found outside iframe. Checking inside iframes...
Element not found outside iframe. Checking inside iframes...
Element not found outside iframe. Checking inside iframes...
Element not found outside iframe. Checking inside iframes...
Element not found outside iframe. Checking inside iframes...
Element not found outside iframe. Checking inside iframes...
Element not found outside iframe. Checking inside iframes...
Element not found outside iframe. Checking inside iframes...
Element not found outside iframe. Checking inside iframes...
Element not found outside iframe. Checking inside iframes...
Element not found outside iframe. Checking inside iframes...
Element not found outside iframe. Checking inside iframes...
Element not found outside iframe. Checking inside iframes...
Element not found outside iframe. Checking inside iframes...
Element not found outside iframe. Checking inside iframes...
Element not found outside iframe. Checking inside iframes...
Element not found outside iframe. Checking inside iframes...
Element not found outside iframe. Checking inside iframes...
Element not found outside iframe. Checking inside iframes...
Element not found outside iframe. Checking inside iframes...
Element not found outside iframe. Checking inside iframes...
Element not found outside iframe. Checking inside iframes...
Element not found outside iframe. Checking inside iframes...
Element not found outside iframe. Checking inside iframes...
Element not found outside iframe. Checking inside iframes...
Element not found outside iframe. Checking inside iframes...
Element not found outside iframe. Checking inside iframes...
Element not found outside iframe. Checking inside iframes...
Element not found outside iframe. Checking inside iframes...
Element not found outside iframe. Checking inside iframes...
Element not found outside iframe. Checking inside iframes...
Element not found outside iframe. Checking inside iframes...
Element not found outside iframe. Checking inside iframes...
Element not found outside iframe. Checking inside iframes...
Element not found outside iframe. Checking inside iframes...
Element not found outside iframe. Checking inside iframes...
Element not found outside iframe. Checking inside iframes...
Element not found outside iframe. Checking inside iframes...
Element not found outside iframe. Checking inside iframes...
Element not found outside iframe. Checking inside iframes...
Element not found outside iframe. Checking inside iframes...
Element not found outside iframe. Checking inside iframes...
Element not found outside iframe. Checking inside iframes...
Element not found outside iframe. Checking inside iframes...
Element not found outside iframe. Checking inside iframes...
Element not found outside iframe. Checking inside iframes...
Element not found outside iframe. Checking inside iframes...
Element not found outside iframe. Checking inside iframes...
Element not found outside iframe. Checking inside iframes...
Element not found outside iframe. Checking inside iframes...
Element not found outside iframe. Checking inside iframes...
Element not found outside iframe. Checking inside iframes...
Element not found outside iframe. Checking inside iframes...
Element not found outside iframe. Checking inside iframes...
Element not found outside iframe. Checking inside iframes...
Element not found outside iframe. Checking inside iframes...
Element not found outside iframe. Checking inside iframes...
Element not found outside iframe. Checking inside iframes...
Element not found outside iframe. Checking inside iframes...
Element not found outside iframe. Checking inside iframes...
Element not found outside iframe. Checking inside iframes...
Element not found outside iframe. Checking inside iframes...
Element not found outside iframe. Checking inside iframes...
Element not found outside iframe. Checking inside iframes...
Element not found outside iframe. Checking inside iframes...
Element not found outside iframe. Checking inside iframes...
Element not found outside iframe. Checking inside iframes...
Element not found outside iframe. Checking inside iframes...
Element not found outside iframe. Checking inside iframes...
Element not found outside iframe. Checking inside iframes...
Element not found outside iframe. Checking inside iframes...
Element not found outside iframe. Checking inside iframes...
Element not found outside iframe. Checking inside iframes...
Element not found outside iframe. Checking inside iframes...
Element not found outside iframe. Checking inside iframes...
Element not found outside iframe. Checking inside iframes...
Element not found outside iframe. Checking inside iframes...
Element not found outside iframe. Checking inside iframes...
Element not found outside iframe. Checking inside iframes...
Element not found outside iframe. Checking inside iframes...
Element not found outside iframe. Checking inside iframes...
Element not found outside iframe. Checking inside iframes...
Element not found outside iframe. Checking inside iframes...
Element not found outside iframe. Checking inside iframes...
Element not found outside iframe. Checking inside iframes...
Element not found outside iframe. Checking inside iframes...
Element not found outside iframe. Checking inside iframes...
Element not found outside iframe. Checking inside iframes...
Element not found outside iframe. Checking inside iframes...
Element not found outside iframe. Checking inside iframes...
Element not found outside iframe. Checking inside iframes...
Element not found outside iframe. Checking inside iframes...
Element not found outside iframe. Checking inside iframes...
Element not found outside iframe. Checking inside iframes...
Element not found outside iframe. Checking inside iframes...
Element not found outside iframe. Checking inside iframes...
Element not found outside iframe. Checking inside iframes...
Element not found outside iframe. Checking inside iframes...
Element not found outside iframe. Checking inside iframes...
Element not found outside iframe. Checking inside iframes...
Element not found outside iframe. Checking inside iframes...
Element not found outside iframe. Checking inside iframes...
Element not found outside iframe. Checking inside iframes...
Element not found outside iframe. Checking inside iframes...
Element not found outside iframe. Checking inside iframes...
Element not found outside iframe. Checking inside iframes...
Element not found outside iframe. Checking inside iframes...
Element not found outside iframe. Checking inside iframes...
Element not found outside iframe. Checking inside iframes...
Element not found outside iframe. Checking inside iframes...
Element not found outside iframe. Checking inside iframes...
Element not found outside iframe. Checking inside iframes...
Element not found outside iframe. Checking inside iframes...
Element not found outside iframe. Checking inside iframes...
Element not found outside iframe. Checking inside iframes...
Element not found outside iframe. Checking inside iframes...
]]>
</system-out>
</testcase>
</testsuite>
<testsuite name="TestAddRecipientPage.spec.js" timestamp="2025-02-26T11:06:44.476Z" hostname="webkit" tests="1" failures="1" skipped="0" time="30.035" errors="0">
<testcase name="test add recipient" classname="TestAddRecipientPage.spec.js" time="30.035">
<failure message="TestAddRecipientPage.spec.js:8:5 test add recipient" type="FAILURE">
<![CDATA[  [webkit] › TestAddRecipientPage.spec.js:8:5 › test add recipient ─────────────────────────────────

    Test timeout of 30000ms exceeded.

    Error: locator.isVisible: Test timeout of 30000ms exceeded.
    Call log:
        - checking visibility of locator('//button[text()=\'Confirm\']')


       at ..\pages\AddRecipientPage.js:45

      43 |         
      44 |         const element = await this.page.locator(this.confirm);
    > 45 | if (await element.isVisible()) {
         |                   ^
      46 |     console.log('Element found outside iframe');
      47 |     await element.click();
      48 | } else {
        at AddRecipientPage.clickConfirm (C:\AutomationPlaywright\pages\AddRecipientPage.js:45:19)
        at AddRecipientPage.clickConfirm (C:\AutomationPlaywright\pages\AddRecipientPage.js:50:5)
        at AddRecipientPage.clickConfirm (C:\AutomationPlaywright\pages\AddRecipientPage.js:50:5)
        at AddRecipientPage.clickConfirm (C:\AutomationPlaywright\pages\AddRecipientPage.js:50:5)
        at AddRecipientPage.clickConfirm (C:\AutomationPlaywright\pages\AddRecipientPage.js:50:5)
        at AddRecipientPage.clickConfirm (C:\AutomationPlaywright\pages\AddRecipientPage.js:50:5)
        at AddRecipientPage.clickConfirm (C:\AutomationPlaywright\pages\AddRecipientPage.js:50:5)
        at AddRecipientPage.clickConfirm (C:\AutomationPlaywright\pages\AddRecipientPage.js:50:5)
        at AddRecipientPage.clickConfirm (C:\AutomationPlaywright\pages\AddRecipientPage.js:50:5)
        at AddRecipientPage.clickConfirm (C:\AutomationPlaywright\pages\AddRecipientPage.js:50:5)
        at AddRecipientPage.clickConfirm (C:\AutomationPlaywright\pages\AddRecipientPage.js:50:5)
        at AddRecipientPage.clickConfirm (C:\AutomationPlaywright\pages\AddRecipientPage.js:50:5)
        at AddRecipientPage.clickConfirm (C:\AutomationPlaywright\pages\AddRecipientPage.js:50:5)
        at AddRecipientPage.clickConfirm (C:\AutomationPlaywright\pages\AddRecipientPage.js:50:5)
        at AddRecipientPage.clickConfirm (C:\AutomationPlaywright\pages\AddRecipientPage.js:50:5)
        at AddRecipientPage.clickConfirm (C:\AutomationPlaywright\pages\AddRecipientPage.js:50:5)
        at AddRecipientPage.clickConfirm (C:\AutomationPlaywright\pages\AddRecipientPage.js:50:5)
        at AddRecipientPage.clickConfirm (C:\AutomationPlaywright\pages\AddRecipientPage.js:50:5)
        at AddRecipientPage.clickConfirm (C:\AutomationPlaywright\pages\AddRecipientPage.js:50:5)
        at AddRecipientPage.clickConfirm (C:\AutomationPlaywright\pages\AddRecipientPage.js:50:5)
        at AddRecipientPage.clickConfirm (C:\AutomationPlaywright\pages\AddRecipientPage.js:50:5)
        at AddRecipientPage.clickConfirm (C:\AutomationPlaywright\pages\AddRecipientPage.js:50:5)
        at AddRecipientPage.clickConfirm (C:\AutomationPlaywright\pages\AddRecipientPage.js:50:5)
        at AddRecipientPage.clickConfirm (C:\AutomationPlaywright\pages\AddRecipientPage.js:50:5)
        at AddRecipientPage.clickConfirm (C:\AutomationPlaywright\pages\AddRecipientPage.js:50:5)
        at AddRecipientPage.clickConfirm (C:\AutomationPlaywright\pages\AddRecipientPage.js:50:5)
        at AddRecipientPage.clickConfirm (C:\AutomationPlaywright\pages\AddRecipientPage.js:50:5)
        at AddRecipientPage.clickConfirm (C:\AutomationPlaywright\pages\AddRecipientPage.js:50:5)
        at AddRecipientPage.clickConfirm (C:\AutomationPlaywright\pages\AddRecipientPage.js:50:5)
        at AddRecipientPage.clickConfirm (C:\AutomationPlaywright\pages\AddRecipientPage.js:50:5)
        at AddRecipientPage.clickConfirm (C:\AutomationPlaywright\pages\AddRecipientPage.js:50:5)
        at AddRecipientPage.clickConfirm (C:\AutomationPlaywright\pages\AddRecipientPage.js:50:5)
        at AddRecipientPage.clickConfirm (C:\AutomationPlaywright\pages\AddRecipientPage.js:50:5)
        at AddRecipientPage.clickConfirm (C:\AutomationPlaywright\pages\AddRecipientPage.js:50:5)
        at AddRecipientPage.clickConfirm (C:\AutomationPlaywright\pages\AddRecipientPage.js:50:5)
        at AddRecipientPage.clickConfirm (C:\AutomationPlaywright\pages\AddRecipientPage.js:50:5)
        at AddRecipientPage.clickConfirm (C:\AutomationPlaywright\pages\AddRecipientPage.js:50:5)
        at AddRecipientPage.clickConfirm (C:\AutomationPlaywright\pages\AddRecipientPage.js:50:5)
        at AddRecipientPage.clickConfirm (C:\AutomationPlaywright\pages\AddRecipientPage.js:50:5)
        at AddRecipientPage.clickConfirm (C:\AutomationPlaywright\pages\AddRecipientPage.js:50:5)
        at AddRecipientPage.clickConfirm (C:\AutomationPlaywright\pages\AddRecipientPage.js:50:5)
        at AddRecipientPage.clickConfirm (C:\AutomationPlaywright\pages\AddRecipientPage.js:50:5)
        at AddRecipientPage.clickConfirm (C:\AutomationPlaywright\pages\AddRecipientPage.js:50:5)
        at AddRecipientPage.clickConfirm (C:\AutomationPlaywright\pages\AddRecipientPage.js:50:5)
]]>
</failure>
<system-out>
<![CDATA[Element not found outside iframe. Checking inside iframes...
Element not found outside iframe. Checking inside iframes...
Element not found outside iframe. Checking inside iframes...
Element not found outside iframe. Checking inside iframes...
Element not found outside iframe. Checking inside iframes...
Element not found outside iframe. Checking inside iframes...
Element not found outside iframe. Checking inside iframes...
Element not found outside iframe. Checking inside iframes...
Element not found outside iframe. Checking inside iframes...
Element not found outside iframe. Checking inside iframes...
Element not found outside iframe. Checking inside iframes...
Element not found outside iframe. Checking inside iframes...
Element not found outside iframe. Checking inside iframes...
Element not found outside iframe. Checking inside iframes...
Element not found outside iframe. Checking inside iframes...
Element not found outside iframe. Checking inside iframes...
Element not found outside iframe. Checking inside iframes...
Element not found outside iframe. Checking inside iframes...
Element not found outside iframe. Checking inside iframes...
Element not found outside iframe. Checking inside iframes...
Element not found outside iframe. Checking inside iframes...
Element not found outside iframe. Checking inside iframes...
Element not found outside iframe. Checking inside iframes...
Element not found outside iframe. Checking inside iframes...
Element not found outside iframe. Checking inside iframes...
Element not found outside iframe. Checking inside iframes...
Element not found outside iframe. Checking inside iframes...
Element not found outside iframe. Checking inside iframes...
Element not found outside iframe. Checking inside iframes...
Element not found outside iframe. Checking inside iframes...
Element not found outside iframe. Checking inside iframes...
Element not found outside iframe. Checking inside iframes...
Element not found outside iframe. Checking inside iframes...
Element not found outside iframe. Checking inside iframes...
Element not found outside iframe. Checking inside iframes...
Element not found outside iframe. Checking inside iframes...
Element not found outside iframe. Checking inside iframes...
Element not found outside iframe. Checking inside iframes...
Element not found outside iframe. Checking inside iframes...
Element not found outside iframe. Checking inside iframes...
Element not found outside iframe. Checking inside iframes...
Element not found outside iframe. Checking inside iframes...
Element not found outside iframe. Checking inside iframes...
Element not found outside iframe. Checking inside iframes...
Element not found outside iframe. Checking inside iframes...
Element not found outside iframe. Checking inside iframes...
Element not found outside iframe. Checking inside iframes...
Element not found outside iframe. Checking inside iframes...
Element not found outside iframe. Checking inside iframes...
Element not found outside iframe. Checking inside iframes...
Element not found outside iframe. Checking inside iframes...
Element not found outside iframe. Checking inside iframes...
Element not found outside iframe. Checking inside iframes...
Element not found outside iframe. Checking inside iframes...
Element not found outside iframe. Checking inside iframes...
Element not found outside iframe. Checking inside iframes...
Element not found outside iframe. Checking inside iframes...
Element not found outside iframe. Checking inside iframes...
Element not found outside iframe. Checking inside iframes...
Element not found outside iframe. Checking inside iframes...
Element not found outside iframe. Checking inside iframes...
Element not found outside iframe. Checking inside iframes...
Element not found outside iframe. Checking inside iframes...
Element not found outside iframe. Checking inside iframes...
Element not found outside iframe. Checking inside iframes...
Element not found outside iframe. Checking inside iframes...
Element not found outside iframe. Checking inside iframes...
Element not found outside iframe. Checking inside iframes...
Element not found outside iframe. Checking inside iframes...
Element not found outside iframe. Checking inside iframes...
Element not found outside iframe. Checking inside iframes...
Element not found outside iframe. Checking inside iframes...
Element not found outside iframe. Checking inside iframes...
Element not found outside iframe. Checking inside iframes...
Element not found outside iframe. Checking inside iframes...
Element not found outside iframe. Checking inside iframes...
Element not found outside iframe. Checking inside iframes...
Element not found outside iframe. Checking inside iframes...
Element not found outside iframe. Checking inside iframes...
Element not found outside iframe. Checking inside iframes...
Element not found outside iframe. Checking inside iframes...
Element not found outside iframe. Checking inside iframes...
Element not found outside iframe. Checking inside iframes...
Element not found outside iframe. Checking inside iframes...
Element not found outside iframe. Checking inside iframes...
Element not found outside iframe. Checking inside iframes...
Element not found outside iframe. Checking inside iframes...
Element not found outside iframe. Checking inside iframes...
Element not found outside iframe. Checking inside iframes...
Element not found outside iframe. Checking inside iframes...
Element not found outside iframe. Checking inside iframes...
Element not found outside iframe. Checking inside iframes...
Element not found outside iframe. Checking inside iframes...
Element not found outside iframe. Checking inside iframes...
Element not found outside iframe. Checking inside iframes...
Element not found outside iframe. Checking inside iframes...
Element not found outside iframe. Checking inside iframes...
Element not found outside iframe. Checking inside iframes...
Element not found outside iframe. Checking inside iframes...
Element not found outside iframe. Checking inside iframes...
Element not found outside iframe. Checking inside iframes...
Element not found outside iframe. Checking inside iframes...
Element not found outside iframe. Checking inside iframes...
Element not found outside iframe. Checking inside iframes...
Element not found outside iframe. Checking inside iframes...
Element not found outside iframe. Checking inside iframes...
Element not found outside iframe. Checking inside iframes...
Element not found outside iframe. Checking inside iframes...
Element not found outside iframe. Checking inside iframes...
Element not found outside iframe. Checking inside iframes...
Element not found outside iframe. Checking inside iframes...
Element not found outside iframe. Checking inside iframes...
Element not found outside iframe. Checking inside iframes...
Element not found outside iframe. Checking inside iframes...
Element not found outside iframe. Checking inside iframes...
Element not found outside iframe. Checking inside iframes...
Element not found outside iframe. Checking inside iframes...
Element not found outside iframe. Checking inside iframes...
Element not found outside iframe. Checking inside iframes...
Element not found outside iframe. Checking inside iframes...
Element not found outside iframe. Checking inside iframes...
Element not found outside iframe. Checking inside iframes...
Element not found outside iframe. Checking inside iframes...
Element not found outside iframe. Checking inside iframes...
Element not found outside iframe. Checking inside iframes...
Element not found outside iframe. Checking inside iframes...
Element not found outside iframe. Checking inside iframes...
Element not found outside iframe. Checking inside iframes...
Element not found outside iframe. Checking inside iframes...
Element not found outside iframe. Checking inside iframes...
Element not found outside iframe. Checking inside iframes...
Element not found outside iframe. Checking inside iframes...
Element not found outside iframe. Checking inside iframes...
Element not found outside iframe. Checking inside iframes...
Element not found outside iframe. Checking inside iframes...
Element not found outside iframe. Checking inside iframes...
Element not found outside iframe. Checking inside iframes...
Element not found outside iframe. Checking inside iframes...
Element not found outside iframe. Checking inside iframes...
Element not found outside iframe. Checking inside iframes...
Element not found outside iframe. Checking inside iframes...
Element not found outside iframe. Checking inside iframes...
Element not found outside iframe. Checking inside iframes...
Element not found outside iframe. Checking inside iframes...
Element not found outside iframe. Checking inside iframes...
]]>
</system-out>
</testcase>
</testsuite>
</testsuites>